---
source: trace-tui/src/render_tests.rs
expression: "render_app(&picker, 96, 26)"
---
 Codex Trace  read-only · offline │ session 019d0000-0000-7000-8000-000000000101

┌ ● Thread tree ─────────────────────────┐┌   Inspector ───────────────────────────────────────┐
│▶ ▾ SES  session 019d0000-0000-7000-8000││Session — session 019d0000-0000-7000-8000-          │
│    ▸ THR  thread 019d0000-0000-7000-800││000000000101                                        │
│                                        ││id: 019d0000-0000-7000-8000-000000000101            │
│                                        ││timestamp: 2026-07-25T00:00:00Z                     │
│                                        ││evidence: ordinary · reconstructed                  │
│                                        ││capabilities:                                       │
│                                        ││  ordinary transcript: yes                          │
│                                        ││  raw rollout records: yes                          │
│                                        ││  exact inference context: no                       │
│                                        ││  per-generation usage: no                          │
│                                        ││  runtime graph: no                                 │
│                                        ││  raw payloads: no                                  │
│                                        ││  compaction detail: no                             │
│                                        ││                                                    │
│                                        ││{                                                   │
│                                        ││  "archived": false,                                │
│                                        ││  "capabilities": {                                 │
│                                        ││    "compaction_detail": false,                     │
│                                        ││    "exact_inference_context": false,               │
│                                        ││    "ordinary_transcript": true,                    │
│                                        ││    "per_generation_usage": false,                  │
└────────────────────────────────────────┘└────────────────────────────────────────────────────┘
 tree  Tab pane  jk move  h/Backspace parent  Enter open/raw  / search  n/N hits  d diagnostics
