---
source: trace-tui/src/render_tests.rs
expression: "render_app(&mut picker, 66, 24)"
---
 Codex Trace  read-only · offline │ session 019d0000-0000-7000-800

┌ Records ───────────────────────────────────────────────────────┐
│▶ thread 019d0000-00… THR  structure    ordinary semantic       │
│                                                                │
│                                                                │
│                                                                │
│                                                                │
│                                                                │
│                                                                │
│                                                                │
│                                                                │
│                                                                │
│                                                                │
│                                                                │
│                                                                │
│                                                                │
│                                                                │
│                                                                │
│                                                                │
│                                                                │
│                                                                │
└────────────────────────────────────────────────────────────────┘
 1/1 visible · 0 hidden · 2 columns omitted  jk move  Enter descen
