---
source: trace-tui/src/render_tests.rs
expression: "render_app(&mut app, 100, 25)"
---
 Codex Trace  read-only · offline │ session 019d0000-0000-7000-8000-000000000101

┌ Records ─────────────────────────────────────────────────────────────────────────────────────────┐
│  NAME                   KIND CLASS        STATUS    TIME                 SOURCE   EVIDENCE       │
│▶ thread 019d0000-0000-… THR  structure    —         2026-07-25T00:00:00Z ordinary semantic       │
│          ┌ Search visible ────────────────────────────────────────────────────────────┐          │
│          │/needle                                                                     │          │
│          └────────────────────────────────────────────────────────────────────────────┘          │
│          ┌ Results ───────────────────────────────────────────────────────────────────┐          │
│          │Press Enter to search                                                       │          │
│          │                                                                            │          │
│          │                                                                            │          │
│          │                                                                            │          │
│          │                                                                            │          │
│          │                                                                            │          │
│          │                                                                            │          │
│          │                                                                            │          │
│          │                                                                            │          │
│          │                                                                            │          │
│          └────────────────────────────────────────────────────────────────────────────┘          │
│                                                                                                  │
│                                                                                                  │
│                                                                                                  │
└──────────────────────────────────────────────────────────────────────────────────────────────────┘
 type query  Enter search/open  ↑↓ choose  Esc close  q quit
