---
source: trace-tui/src/phase5_tests.rs
expression: "render_app(&mut app, 150, 18)"
---
 Codex Trace  read-only · offline │ thread 019d0000-0000-7000-8000-000000000201 / expanded
  ME                 SOURCE   EVIDENCE      PREVIEW
▶•26-08-02T00:00:01Z ordinary semantic      a long semantic preview a long semantic preview a long semantic preview a long semantic preview a long sem
 •26-08-02T00:00:02Z ordinary semantic      second event
 •26-08-02T00:00:03Z ordinary semantic      third event












3/4 visible · 1 hidden · 0 columns omitted  jk move  h/l horizontal  Enter descend  Tab lens  / search  ? help expanded · rendered · nowrap · x 74/224
